<!DOCTYPE html>
<html lang="en-US">
  <head>
    <meta charset="utf-8">
    <title>Example Site | Page Title</title>
    <meta name="description" content="Some Awesome Description" />
    <link href="main.css" />
    <link href="extra.css" />
  </head>
  <body>
    <p>Lorem ipsum dolor sit amet</p>
    <script src="main.js" />
    <script src="extra.js"/>
  </body>
}
</html>